>>> matrix_divided = __import__('2-matrix_divided').matrix_divided
>>> print(matrix)
[[1, 2, 3], [4, 5, 6]]

>>> matrix = [
...     [1.1, -2.2, 3.3],
...     [4.4, 5.5, -6.6]
... ]
>>> print(matrix_divided(matrix, 3))
[[0.37, -0.73, 1.1], [1.47, 1.83, -2.2]]

>>> matrix = "not a list"
>>> print(matrix_divided(matrix, 3))
Traceback (most recent call last):
TypeError: matrix must be a matrix (list of lists) of integers/floats

>>> matrix = [[]]
>>> print(matrix_divided(matrix, 3))
[[]]

>>> matrix = [
...     [1, 2, 3, 4],
...     [5, 6, 7]
... ]
>>> print(matrix_divided(matrix, 3))
Traceback (most recent call last):
TypeError: Each row of the matrix must have the same size

>>> matrix = [
...     [1, 2, 3],
...     [4, 5, 6]
... ]
>>> print(matrix_divided(matrix, "not a number"))
Traceback (most recent call last):
TypeError: div must be a number

>>> print(matrix_divided(matrix, 0))
Traceback (most recent call last):
ZeroDivisionError: division by zero
